[kiswa.net/themes/star-restaurant/orange-restaurant/restaurant.html]
[backblue.gif]
[fade.gif]
[index.html]
[kiswa.net/themes/star-restaurant/orange-restaurant/images/favicon.png]
[kiswa.net/themes/star-restaurant/orange-restaurant/pizza.html]
[kiswa.net/themes/star-restaurant/orange-restaurant/bakery.html]
[kiswa.net/themes/star-restaurant/orange-restaurant/coffee.html]
[kiswa.net/themes/star-restaurant/orange-restaurant/fast-food.html]
[kiswa.net/themes/star-restaurant/orange-restaurant/ice-parlour.html]
[kiswa.net/themes/star-restaurant/orange-restaurant/menu-grid.html]
[kiswa.net/themes/star-restaurant/orange-restaurant/menu-list.html]
[kiswa.net/themes/star-restaurant/orange-restaurant/menu-detail.html]
[kiswa.net/themes/star-restaurant/orange-restaurant/chef.html]
[kiswa.net/themes/star-restaurant/orange-restaurant/reservation.html]
[kiswa.net/themes/star-restaurant/orange-restaurant/gallery-1-column.html]
[kiswa.net/themes/star-restaurant/orange-restaurant/gallery-2-columns.html]
[kiswa.net/themes/star-restaurant/orange-restaurant/user-profile.html]
[kiswa.net/themes/star-restaurant/orange-restaurant/edit-profile.html]
[kiswa.net/themes/star-restaurant/orange-restaurant/forget-password.html]
[kiswa.net/themes/star-restaurant/orange-restaurant/reset-password.html]
[kiswa.net/themes/star-restaurant/orange-restaurant/shopping-cart.html]
[kiswa.net/themes/star-restaurant/orange-restaurant/checkout.html]
[kiswa.net/themes/star-restaurant/orange-restaurant/order-history.html]
[kiswa.net/themes/star-restaurant/orange-restaurant/feature-header-1.html]
[kiswa.net/themes/star-restaurant/orange-restaurant/feature-header-2.html]
[kiswa.net/themes/star-restaurant/orange-restaurant/feature-header-3.html]
[kiswa.net/themes/star-restaurant/orange-restaurant/feature-page-cover-1.html]
[kiswa.net/themes/star-restaurant/orange-restaurant/feature-page-cover-2.html]
[kiswa.net/themes/star-restaurant/orange-restaurant/feature-page-cover-3.html]
[kiswa.net/themes/star-restaurant/orange-restaurant/feature-footer-1.html]
[kiswa.net/themes/star-restaurant/orange-restaurant/feature-footer-2.html]
[kiswa.net/themes/star-restaurant/orange-restaurant/feature-footer-3.html]
[kiswa.net/themes/star-restaurant/orange-restaurant/about.html]
[kiswa.net/themes/star-restaurant/orange-restaurant/services.html]
[kiswa.net/themes/star-restaurant/orange-restaurant/testimonials.html]
[kiswa.net/themes/star-restaurant/orange-restaurant/error-page.html]
[kiswa.net/themes/star-restaurant/orange-restaurant/coming-soon.html]
[kiswa.net/themes/star-restaurant/orange-restaurant/blog.html]
[kiswa.net/themes/star-restaurant/orange-restaurant/blog-detail.html]
[kiswa.net/themes/star-restaurant/orange-restaurant/pricing.html]
[kiswa.net/themes/star-restaurant/orange-restaurant/faq.html]
[kiswa.net/themes/star-restaurant/orange-restaurant/contact.html]
[kiswa.net/themes/star-restaurant/orange-restaurant/login.html]
[kiswa.net/themes/star-restaurant/orange-restaurant/register.html]
[kiswa.net/themes/star-restaurant/orange-restaurant/images/dish-breakfast-3.png]
[kiswa.net/themes/star-restaurant/orange-restaurant/images/dish-dinner-4.png]
[kiswa.net/themes/star-restaurant/orange-restaurant/images/usr-prf-back-restaurant.jpg]
[kiswa.net/themes/star-restaurant/orange-restaurant/images/user-profile.jpg]
[kiswa.net/themes/star-restaurant/orange-restaurant/images/restaurant-slider-1.jpg]
[kiswa.net/themes/star-restaurant/orange-restaurant/images/restaurant-slider-2.jpg]
[kiswa.net/themes/star-restaurant/orange-restaurant/images/dish-breakfast-1.png]
[kiswa.net/themes/star-restaurant/orange-restaurant/images/dish-breakfast-2.png]
[kiswa.net/themes/star-restaurant/orange-restaurant/images/dish-breakfast-4.png]
[kiswa.net/themes/star-restaurant/orange-restaurant/images/dish-breakfast-5.png]
[kiswa.net/themes/star-restaurant/orange-restaurant/images/dish-breakfast-6.png]
[kiswa.net/themes/star-restaurant/orange-restaurant/images/dish-lunch-1.png]
[kiswa.net/themes/star-restaurant/orange-restaurant/images/dish-lunch-2.png]
[kiswa.net/themes/star-restaurant/orange-restaurant/images/dish-lunch-3.png]
[kiswa.net/themes/star-restaurant/orange-restaurant/images/dish-lunch-4.png]
[kiswa.net/themes/star-restaurant/orange-restaurant/images/dish-lunch-5.png]
[kiswa.net/themes/star-restaurant/orange-restaurant/images/dish-lunch-6.png]
[kiswa.net/themes/star-restaurant/orange-restaurant/images/reviewer-1.jpg]
[kiswa.net/themes/star-restaurant/orange-restaurant/images/reviewer-2.jpg]
[kiswa.net/themes/star-restaurant/orange-restaurant/images/reviewer-3.jpg]
[kiswa.net/themes/star-restaurant/orange-restaurant/images/reviewer-4.jpg]
[kiswa.net/themes/star-restaurant/orange-restaurant/js/jquery.min.js]
[kiswa.net/themes/star-restaurant/orange-restaurant/js/bootstrap.min.js]
[kiswa.net/themes/star-restaurant/orange-restaurant/js/jquery.flexslider.js]
[kiswa.net/themes/star-restaurant/orange-restaurant/js/owl.carousel.min.js]
[kiswa.net/themes/star-restaurant/orange-restaurant/js/custom-navigation.js]
[kiswa.net/themes/star-restaurant/orange-restaurant/js/custom-flex.js]
[kiswa.net/themes/star-restaurant/orange-restaurant/js/custom-owl.js]
[kiswa.net/themes/star-restaurant/orange-restaurant/restaurant.html]
[kiswa.net/themes/star-restaurant/orange-restaurant/css/bootstrap.min.css]
[kiswa.net/themes/star-restaurant/orange-restaurant/webfonts/fa-brands-400.eot]
[kiswa.net/themes/star-restaurant/orange-restaurant/webfonts/fa-brands-400.woff2]
[kiswa.net/themes/star-restaurant/orange-restaurant/webfonts/fa-brands-400d41d.eot]
[kiswa.net/themes/star-restaurant/orange-restaurant/webfonts/fa-brands-400.woff]
[kiswa.net/themes/star-restaurant/orange-restaurant/webfonts/fa-brands-400.ttf]
[kiswa.net/themes/star-restaurant/orange-restaurant/webfonts/fa-regular-400.eot]
[kiswa.net/themes/star-restaurant/orange-restaurant/webfonts/fa-regular-400d41d.eot]
[kiswa.net/themes/star-restaurant/orange-restaurant/webfonts/fa-regular-400.woff2]
[kiswa.net/themes/star-restaurant/orange-restaurant/webfonts/fa-regular-400.woff]
[kiswa.net/themes/star-restaurant/orange-restaurant/webfonts/fa-regular-400.ttf]
[kiswa.net/themes/star-restaurant/orange-restaurant/webfonts/fa-solid-900.eot]
[kiswa.net/themes/star-restaurant/orange-restaurant/webfonts/fa-solid-900.woff2]
[kiswa.net/themes/star-restaurant/orange-restaurant/webfonts/fa-solid-900d41d.eot]
[kiswa.net/themes/star-restaurant/orange-restaurant/webfonts/fa-solid-900.woff]
[kiswa.net/themes/star-restaurant/orange-restaurant/webfonts/fa-solid-900.ttf]
[kiswa.net/themes/star-restaurant/orange-restaurant/css/fontawesome-all.min.css]
[kiswa.net/themes/star-restaurant/orange-restaurant/images/full-scr-nav-back.jpg]
[kiswa.net/themes/star-restaurant/orange-restaurant/images/banner-1.jpg]
[kiswa.net/themes/star-restaurant/orange-restaurant/images/black-menu-back.jpg]
[kiswa.net/themes/star-restaurant/orange-restaurant/images/page-cover.jpg]
[kiswa.net/themes/star-restaurant/orange-restaurant/css/style.css]
[kiswa.net/themes/star-restaurant/orange-restaurant/images/loader-orange.gif]
[kiswa.net/themes/star-restaurant/orange-restaurant/css/orange.css]
[kiswa.net/themes/star-restaurant/orange-restaurant/css/flexslider.css]
[kiswa.net/themes/star-restaurant/orange-restaurant/css/owl.carousel.css]
[kiswa.net/themes/star-restaurant/orange-restaurant/css/owl.theme.css]
[kiswa.net/themes/star-restaurant/orange-restaurant/images/dish-pizza-3.png]
[kiswa.net/themes/star-restaurant/orange-restaurant/images/dish-pizza-4.png]
[kiswa.net/themes/star-restaurant/orange-restaurant/images/usr-prf-back-pizza.jpg]
[kiswa.net/themes/star-restaurant/orange-restaurant/images/pizza-slider-1.jpg]
[kiswa.net/themes/star-restaurant/orange-restaurant/images/pizza-slider-2.jpg]
[kiswa.net/themes/star-restaurant/orange-restaurant/images/about-img-pizza.png]
[kiswa.net/themes/star-restaurant/orange-restaurant/images/dish-pizza-1.png]
[kiswa.net/themes/star-restaurant/orange-restaurant/images/dish-pizza-2.png]
[kiswa.net/themes/star-restaurant/orange-restaurant/images/dish-pizza-5.png]
[kiswa.net/themes/star-restaurant/orange-restaurant/images/dish-pizza-6.png]
[kiswa.net/themes/star-restaurant/orange-restaurant/pizza.html]
[kiswa.net/themes/star-restaurant/orange-restaurant/images/sweet-cupcake-3.png]
[kiswa.net/themes/star-restaurant/orange-restaurant/images/sweet-cookie-4.png]
[kiswa.net/themes/star-restaurant/orange-restaurant/images/usr-prf-back-bakery.jpg]
[kiswa.net/themes/star-restaurant/orange-restaurant/images/bakery-slider-1.jpg]
[kiswa.net/themes/star-restaurant/orange-restaurant/images/bakery-slider-2.jpg]
[kiswa.net/themes/star-restaurant/orange-restaurant/images/sweet-cupcake-1.png]
[kiswa.net/themes/star-restaurant/orange-restaurant/images/sweet-donut-1.png]
[kiswa.net/themes/star-restaurant/orange-restaurant/images/sweet-cupcake-2.png]
[kiswa.net/themes/star-restaurant/orange-restaurant/images/sweet-cookie-1.png]
[kiswa.net/themes/star-restaurant/orange-restaurant/images/about-img-bakery.png]
[kiswa.net/themes/star-restaurant/orange-restaurant/images/sweet-cupcake-4.png]
[kiswa.net/themes/star-restaurant/orange-restaurant/images/sweet-cupcake-5.png]
[kiswa.net/themes/star-restaurant/orange-restaurant/images/sweet-cupcake-6.png]
[kiswa.net/themes/star-restaurant/orange-restaurant/images/sweet-donut-2.png]
[kiswa.net/themes/star-restaurant/orange-restaurant/images/sweet-donut-3.png]
[kiswa.net/themes/star-restaurant/orange-restaurant/images/sweet-donut-4.png]
[kiswa.net/themes/star-restaurant/orange-restaurant/images/sweet-donut-5.png]
[kiswa.net/themes/star-restaurant/orange-restaurant/images/sweet-donut-6.png]
[kiswa.net/themes/star-restaurant/orange-restaurant/images/sweet-cookie-2.png]
[kiswa.net/themes/star-restaurant/orange-restaurant/images/sweet-cookie-3.png]
[kiswa.net/themes/star-restaurant/orange-restaurant/images/sweet-cookie-5.png]
[kiswa.net/themes/star-restaurant/orange-restaurant/images/sweet-cookie-6.png]
[kiswa.net/themes/star-restaurant/orange-restaurant/bakery.html]
[kiswa.net/themes/star-restaurant/orange-restaurant/images/coffee-3.png]
[kiswa.net/themes/star-restaurant/orange-restaurant/images/coffee-4.png]
[kiswa.net/themes/star-restaurant/orange-restaurant/images/usr-prf-back-coffee.jpg]
[kiswa.net/themes/star-restaurant/orange-restaurant/images/coffee-slider-1.jpg]
[kiswa.net/themes/star-restaurant/orange-restaurant/images/coffee-slider-2.jpg]
[kiswa.net/themes/star-restaurant/orange-restaurant/images/about-img-coffee.png]
[kiswa.net/themes/star-restaurant/orange-restaurant/images/coffee-1.png]
[kiswa.net/themes/star-restaurant/orange-restaurant/images/coffee-2.png]
[kiswa.net/themes/star-restaurant/orange-restaurant/images/coffee-5.png]
[kiswa.net/themes/star-restaurant/orange-restaurant/images/coffee-6.png]
[kiswa.net/themes/star-restaurant/orange-restaurant/images/coffee-gallery-1.jpg]
[kiswa.net/themes/star-restaurant/orange-restaurant/images/coffee-gallery-2.jpg]
[kiswa.net/themes/star-restaurant/orange-restaurant/images/coffee-gallery-3.jpg]
[kiswa.net/themes/star-restaurant/orange-restaurant/images/coffee-gallery-4.jpg]
[kiswa.net/themes/star-restaurant/orange-restaurant/images/coffee-gallery-5.jpg]
[kiswa.net/themes/star-restaurant/orange-restaurant/images/coffee-gallery-6.jpg]
[kiswa.net/themes/star-restaurant/orange-restaurant/js/jquery.magnific-popup.min.js]
[kiswa.net/themes/star-restaurant/orange-restaurant/js/custom-gallery.js]
[kiswa.net/themes/star-restaurant/orange-restaurant/coffee.html]
[kiswa.net/themes/star-restaurant/orange-restaurant/images/fast-food-3.png]
[kiswa.net/themes/star-restaurant/orange-restaurant/images/fast-food-4.png]
[kiswa.net/themes/star-restaurant/orange-restaurant/images/usr-prf-back-fastfood.jpg]
[kiswa.net/themes/star-restaurant/orange-restaurant/images/fastfood-slider-1.jpg]
[kiswa.net/themes/star-restaurant/orange-restaurant/images/fastfood-slider-2.jpg]
[kiswa.net/themes/star-restaurant/orange-restaurant/images/fast-food-1.png]
[kiswa.net/themes/star-restaurant/orange-restaurant/images/fast-food-2.png]
[kiswa.net/themes/star-restaurant/orange-restaurant/images/fast-food-5.png]
[kiswa.net/themes/star-restaurant/orange-restaurant/images/fast-food-6.png]
[kiswa.net/themes/star-restaurant/orange-restaurant/images/banner-2-fast-food.jpg]
[kiswa.net/themes/star-restaurant/orange-restaurant/fast-food.html]
[kiswa.net/themes/star-restaurant/orange-restaurant/images/ice-dessert-3.png]
[kiswa.net/themes/star-restaurant/orange-restaurant/images/ice-shake-4.png]
[kiswa.net/themes/star-restaurant/orange-restaurant/images/usr-prf-back-iceparlour.jpg]
[kiswa.net/themes/star-restaurant/orange-restaurant/images/iceparlour-slider-1.jpg]
[kiswa.net/themes/star-restaurant/orange-restaurant/images/iceparlour-slider-2.jpg]
[kiswa.net/themes/star-restaurant/orange-restaurant/images/ice-dessert-1.png]
[kiswa.net/themes/star-restaurant/orange-restaurant/images/ice-dessert-2.png]
[kiswa.net/themes/star-restaurant/orange-restaurant/images/ice-dessert-4.png]
[kiswa.net/themes/star-restaurant/orange-restaurant/images/ice-dessert-5.png]
[kiswa.net/themes/star-restaurant/orange-restaurant/images/ice-dessert-6.png]
[kiswa.net/themes/star-restaurant/orange-restaurant/images/ice-cone-1.png]
[kiswa.net/themes/star-restaurant/orange-restaurant/images/ice-cone-2.png]
[kiswa.net/themes/star-restaurant/orange-restaurant/images/ice-cone-3.png]
[kiswa.net/themes/star-restaurant/orange-restaurant/images/ice-cone-4.png]
[kiswa.net/themes/star-restaurant/orange-restaurant/images/ice-cone-5.png]
[kiswa.net/themes/star-restaurant/orange-restaurant/images/ice-cone-6.png]
[kiswa.net/themes/star-restaurant/orange-restaurant/images/ice-shake-1.png]
[kiswa.net/themes/star-restaurant/orange-restaurant/images/ice-shake-2.png]
[kiswa.net/themes/star-restaurant/orange-restaurant/images/ice-shake-3.png]
[kiswa.net/themes/star-restaurant/orange-restaurant/images/ice-shake-5.png]
[kiswa.net/themes/star-restaurant/orange-restaurant/images/ice-shake-6.png]
[kiswa.net/themes/star-restaurant/orange-restaurant/images/banner-2-ice-parlour.jpg]
[kiswa.net/themes/star-restaurant/orange-restaurant/ice-parlour.html]
[kiswa.net/themes/star-restaurant/orange-restaurant/images/dish-dinner-1.png]
[kiswa.net/themes/star-restaurant/orange-restaurant/images/dish-dinner-2.png]
[kiswa.net/themes/star-restaurant/orange-restaurant/images/dish-dinner-3.png]
[kiswa.net/themes/star-restaurant/orange-restaurant/images/dish-dinner-5.png]
[kiswa.net/themes/star-restaurant/orange-restaurant/images/dish-dinner-6.png]
[kiswa.net/themes/star-restaurant/orange-restaurant/menu-grid.html]
[kiswa.net/themes/star-restaurant/orange-restaurant/menu-list.html]
[kiswa.net/themes/star-restaurant/orange-restaurant/js/lightslider.js]
[kiswa.net/themes/star-restaurant/orange-restaurant/js/custom-lightslider.js]
[kiswa.net/themes/star-restaurant/orange-restaurant/menu-detail.html]
[kiswa.net/themes/star-restaurant/orange-restaurant/images/chef-1.png]
[kiswa.net/themes/star-restaurant/orange-restaurant/images/chef-2.png]
[kiswa.net/themes/star-restaurant/orange-restaurant/images/chef-3.png]
[kiswa.net/themes/star-restaurant/orange-restaurant/images/chef-4.png]
[kiswa.net/themes/star-restaurant/orange-restaurant/chef.html]
[kiswa.net/themes/star-restaurant/orange-restaurant/js/bootstrap-datepicker.js]
[kiswa.net/themes/star-restaurant/orange-restaurant/js/custom-date-picker.js]
[kiswa.net/themes/star-restaurant/orange-restaurant/reservation.html]
[kiswa.net/themes/star-restaurant/orange-restaurant/images/gallery-filter-1.jpg]
[kiswa.net/themes/star-restaurant/orange-restaurant/images/gallery-filter-2.jpg]
[kiswa.net/themes/star-restaurant/orange-restaurant/images/gallery-filter-3.jpg]
[kiswa.net/themes/star-restaurant/orange-restaurant/images/gallery-filter-4.jpg]
[kiswa.net/themes/star-restaurant/orange-restaurant/images/gallery-filter-5.jpg]
[kiswa.net/themes/star-restaurant/orange-restaurant/images/gallery-filter-6.jpg]
[kiswa.net/themes/star-restaurant/orange-restaurant/images/gallery-filter-7.jpg]
[kiswa.net/themes/star-restaurant/orange-restaurant/images/gallery-filter-8.jpg]
[kiswa.net/themes/star-restaurant/orange-restaurant/gallery-1-column.html]
[kiswa.net/themes/star-restaurant/orange-restaurant/gallery-2-columns.html]
[kiswa.net/themes/star-restaurant/orange-restaurant/user-profile.html]
[kiswa.net/themes/star-restaurant/orange-restaurant/edit-profile.html]
[kiswa.net/themes/star-restaurant/orange-restaurant/forget-password.html]
[kiswa.net/themes/star-restaurant/orange-restaurant/reset-password.html]
[kiswa.net/themes/star-restaurant/orange-restaurant/shopping-cart.html]
[kiswa.net/themes/star-restaurant/orange-restaurant/checkout.html]
[kiswa.net/themes/star-restaurant/orange-restaurant/order-history.html]
[kiswa.net/themes/star-restaurant/orange-restaurant/feature-header-1.html]
[kiswa.net/themes/star-restaurant/orange-restaurant/feature-header-2.html]
[kiswa.net/themes/star-restaurant/orange-restaurant/feature-header-3.html]
[kiswa.net/themes/star-restaurant/orange-restaurant/feature-page-cover-1.html]
[kiswa.net/themes/star-restaurant/orange-restaurant/feature-page-cover-2.html]
[kiswa.net/themes/star-restaurant/orange-restaurant/feature-page-cover-3.html]
[kiswa.net/themes/star-restaurant/orange-restaurant/feature-footer-1.html]
[kiswa.net/themes/star-restaurant/orange-restaurant/feature-footer-2.html]
[kiswa.net/themes/star-restaurant/orange-restaurant/feature-footer-3.html]
[kiswa.net/themes/star-restaurant/orange-restaurant/images/chefs.png]
[kiswa.net/themes/star-restaurant/orange-restaurant/about.html]
[kiswa.net/themes/star-restaurant/orange-restaurant/services.html]
[kiswa.net/themes/star-restaurant/orange-restaurant/testimonials.html]
[kiswa.net/themes/star-restaurant/orange-restaurant/error-page.html]
[kiswa.net/themes/star-restaurant/orange-restaurant/coming-soon.html]
[kiswa.net/themes/star-restaurant/orange-restaurant/images/blog-list-1.jpg]
[kiswa.net/themes/star-restaurant/orange-restaurant/images/blog-list-2.jpg]
[kiswa.net/themes/star-restaurant/orange-restaurant/images/blog-list-3.jpg]
[kiswa.net/themes/star-restaurant/orange-restaurant/blog.html]
[kiswa.net/themes/star-restaurant/orange-restaurant/blog-detail.html]
[kiswa.net/themes/star-restaurant/orange-restaurant/pricing.html]
[kiswa.net/themes/star-restaurant/orange-restaurant/faq.html]
[kiswa.net/themes/star-restaurant/orange-restaurant/contact.html]
[kiswa.net/themes/star-restaurant/orange-restaurant/login.html]
[kiswa.net/themes/star-restaurant/orange-restaurant/register.html]
[kiswa.net/themes/star-restaurant/orange-restaurant/fonts/glyphicons-halflings-regular.html]
[kiswa.net/themes/star-restaurant/orange-restaurant/fonts/glyphicons-halflings-regulard41d.html]
[kiswa.net/themes/star-restaurant/orange-restaurant/fonts/glyphicons-halflings-regular-2.html]
[kiswa.net/themes/star-restaurant/orange-restaurant/fonts/glyphicons-halflings-regular-3.html]
[kiswa.net/themes/star-restaurant/orange-restaurant/fonts/glyphicons-halflings-regular-4.html]
[kiswa.net/themes/star-restaurant/orange-restaurant/fonts/glyphicons-halflings-regular-5.html]
[kiswa.net/themes/star-restaurant/orange-restaurant/webfonts/fa-brands-400.svg]
[kiswa.net/themes/star-restaurant/orange-restaurant/webfonts/fa-regular-400.svg]
[kiswa.net/themes/star-restaurant/orange-restaurant/webfonts/fa-solid-900.svg]
[kiswa.net/themes/star-restaurant/orange-restaurant/css/fonts/flexslider-icon.html]
[kiswa.net/themes/star-restaurant/orange-restaurant/css/fonts/flexslider-icond41d.html]
[kiswa.net/themes/star-restaurant/orange-restaurant/css/fonts/flexslider-icon-2.html]
[kiswa.net/themes/star-restaurant/orange-restaurant/css/fonts/flexslider-icon-3.html]
[kiswa.net/themes/star-restaurant/orange-restaurant/css/fonts/flexslider-icon-4.html]
[kiswa.net/themes/star-restaurant/orange-restaurant/css/grabbing.html]
[kiswa.net/themes/star-restaurant/orange-restaurant/css/AjaxLoader.html]
[kiswa.net/themes/star-restaurant/orange-restaurant/css/magnific-popup.css]
[kiswa.net/themes/star-restaurant/orange-restaurant/css/lightslider.css]
[kiswa.net/themes/star-restaurant/orange-restaurant/css/datepicker.css]
[kiswa.net/themes/star-restaurant/orange-restaurant/forgot-password.html]
[kiswa.net/themes/star-restaurant/orange-restaurant/img/controls.html]
